Fatal error: exception Failure( "illegal assignment bool=int in c=43")