5
4
3
2
1
42
SDL could not initialize! SDL Error: No available video device
Window initialization failed.