1
1
1
1
SDL could not initialize! SDL Error: No available video device
Window initialization failed.