1
2
4
6
SDL could not initialize! SDL Error: No available video device
Window initialization failed.