1
1
2
3
5
8
SDL could not initialize! SDL Error: No available video device
Window initialization failed.