20
250
100
SDL could not initialize! SDL Error: No available video device
Window initialization failed.