6
11
4
SDL could not initialize! SDL Error: No available video device
Window initialization failed.
