40
20
10
SDL could not initialize! SDL Error: No available video device
Window initialization failed.