5
10
15
SDL could not initialize! SDL Error: No available video device
Window initialization failed.