Fatal error: exception Failure("expected numeric input for type color")